2026-04-21 12:33:11 - dcomet - INFO - Initializing Dcomet System...
2026-04-21 12:33:11 - dcomet - ERROR - Error in demo: object of type 'int' has no len()
Traceback (most recent call last):
  File "D:\Python Projects\Dcomet\main.py", line 229, in run_demo
    trades = self.run_trading_cycle(cycle)
  File "D:\Python Projects\Dcomet\main.py", line 143, in run_trading_cycle
    decisions = self.agent_manager.orchestrate_trading_cycle(system_state)
  File "D:\Python Projects\Dcomet\src\agents\agent_manager.py", line 288, in orchestrate_trading_cycle
    'active_trades': len(system_state.get('active_trades', []))
                     ~~~^^^^^^^^^^^^^^^^^^^^^^^^^^^^^^^^^^^^^^^
TypeError: object of type 'int' has no len()
2026-04-22 16:18:02 - dcomet - INFO - Initializing System...
2026-04-22 16:18:03 - dcomet - INFO - System Ready!
2026-04-22 16:18:03 - dcomet - INFO - [1] Reading DER sensor data...
2026-04-22 16:18:03 - dcomet - INFO - [2] DERs announcing on Beckn...
2026-04-22 16:18:03 - dcomet - INFO - [3] AI agents deciding...
2026-04-22 16:18:40 - dcomet - INFO - Initializing System...
2026-04-22 16:18:40 - dcomet - INFO - System Ready!
2026-04-22 16:18:40 - dcomet - INFO - [1] Reading DER sensor data...
2026-04-22 16:18:40 - dcomet - INFO - [2] DERs announcing on Beckn...
2026-04-22 16:18:40 - dcomet - INFO - [3] AI agents deciding...
2026-04-22 16:19:04 - dcomet - INFO - [4] Matching...
2026-04-22 16:19:04 - dcomet - INFO - [5] Power flow...
2026-04-22 16:19:06 - dcomet - INFO - [1] Reading DER sensor data...
2026-04-22 16:19:06 - dcomet - INFO - [2] DERs announcing on Beckn...
2026-04-22 16:19:06 - dcomet - INFO - [3] AI agents deciding...
2026-04-22 16:19:31 - dcomet - INFO - [4] Matching...
2026-04-22 16:19:31 - dcomet - INFO - [5] Power flow...
2026-04-22 16:19:33 - dcomet - INFO - [1] Reading DER sensor data...
2026-04-22 16:19:33 - dcomet - INFO - [2] DERs announcing on Beckn...
2026-04-22 16:19:33 - dcomet - INFO - [3] AI agents deciding...
2026-04-22 16:20:10 - dcomet - INFO - [4] Matching...
2026-04-22 16:20:10 - dcomet - INFO - [5] Power flow...
2026-04-22 16:20:12 - dcomet - INFO - [1] Reading DER sensor data...
2026-04-22 16:20:12 - dcomet - INFO - [2] DERs announcing on Beckn...
2026-04-22 16:20:12 - dcomet - INFO - [3] AI agents deciding...
2026-04-22 16:20:24 - dcomet - INFO - [4] Matching...
2026-04-22 16:20:24 - dcomet - INFO - [5] Power flow...
2026-04-22 16:20:27 - dcomet - INFO - [1] Reading DER sensor data...
2026-04-22 16:20:27 - dcomet - INFO - [2] DERs announcing on Beckn...
2026-04-22 16:20:27 - dcomet - INFO - [3] AI agents deciding...
2026-04-22 16:20:39 - dcomet - INFO - [4] Matching...
2026-04-22 16:20:39 - dcomet - INFO - [5] Power flow...
2026-04-22 16:24:32 - dcomet - INFO - Initializing System...
2026-04-22 16:24:32 - dcomet - INFO - System Ready!
2026-04-22 16:24:32 - dcomet - INFO - [1] Reading DER sensor data...
2026-04-22 16:24:32 - dcomet - INFO - [2] DERs announcing on Beckn...
2026-04-22 16:24:32 - dcomet - INFO - [3] AI agents deciding...
2026-04-22 16:24:44 - dcomet - INFO - [4] Matching...
2026-04-22 16:24:44 - dcomet - INFO - [5] Power flow...
2026-04-22 16:24:46 - dcomet - INFO - [1] Reading DER sensor data...
2026-04-22 16:24:46 - dcomet - INFO - [2] DERs announcing on Beckn...
2026-04-22 16:24:46 - dcomet - INFO - [3] AI agents deciding...
2026-04-23 12:10:40 - dcomet - INFO - Initializing System...
2026-04-23 12:10:40 - dcomet - INFO - System Ready!
2026-04-23 12:10:40 - dcomet - INFO - [1] Reading DER sensor data...
2026-04-23 12:10:40 - dcomet - INFO - [2] DERs announcing on Beckn...
2026-04-23 12:10:40 - dcomet - INFO - [3] AI agents deciding...
2026-04-23 12:11:05 - dcomet - INFO - [4] Matching...
2026-04-23 12:11:05 - dcomet - INFO - [5] Power flow...
2026-04-23 12:11:07 - dcomet - INFO - [1] Reading DER sensor data...
2026-04-23 12:11:07 - dcomet - INFO - [2] DERs announcing on Beckn...
2026-04-23 12:11:07 - dcomet - INFO - [3] AI agents deciding...
2026-04-23 12:11:31 - dcomet - INFO - [4] Matching...
2026-04-23 12:11:31 - dcomet - INFO - [5] Power flow...
2026-04-23 12:12:22 - dcomet - INFO - Initializing System...
2026-04-23 12:12:22 - dcomet - INFO - System Ready!
2026-04-23 12:12:22 - dcomet - INFO - [1] Reading DER sensor data...
2026-04-23 12:12:22 - dcomet - INFO - [2] DERs announcing on Beckn...
2026-04-23 12:12:22 - dcomet - INFO - [3] AI agents deciding...
2026-04-23 12:12:46 - dcomet - INFO - [4] Matching...
2026-04-23 12:12:46 - dcomet - INFO - [5] Power flow...
2026-04-23 12:12:49 - dcomet - INFO - [1] Reading DER sensor data...
2026-04-23 12:12:49 - dcomet - INFO - [2] DERs announcing on Beckn...
2026-04-23 12:12:49 - dcomet - INFO - [3] AI agents deciding...
2026-04-23 12:13:13 - dcomet - INFO - [4] Matching...
2026-04-23 12:13:13 - dcomet - INFO - [5] Power flow...
2026-04-23 12:13:15 - dcomet - INFO - [1] Reading DER sensor data...
2026-04-23 12:13:15 - dcomet - INFO - [2] DERs announcing on Beckn...
2026-04-23 12:13:15 - dcomet - INFO - [3] AI agents deciding...
2026-04-23 12:13:41 - dcomet - INFO - Initializing System...
2026-04-23 12:13:42 - dcomet - INFO - System Ready!
2026-04-23 12:13:42 - dcomet - INFO - [1] Reading DER sensor data...
2026-04-23 12:13:42 - dcomet - INFO - [2] DERs announcing on Beckn...
2026-04-23 12:13:42 - dcomet - INFO - [3] AI agents deciding...
2026-04-23 12:14:06 - dcomet - INFO - [4] Matching...
2026-04-23 12:14:06 - dcomet - INFO - [5] Power flow...
2026-04-23 12:14:08 - dcomet - INFO - [1] Reading DER sensor data...
2026-04-23 12:14:08 - dcomet - INFO - [2] DERs announcing on Beckn...
2026-04-23 12:14:08 - dcomet - INFO - [3] AI agents deciding...
2026-04-23 12:15:02 - dcomet - INFO - Initializing System...
2026-04-23 12:15:02 - dcomet - INFO - System Ready!
2026-04-23 12:15:02 - dcomet - INFO - [1] Reading DER sensor data...
2026-04-23 12:15:02 - dcomet - INFO - [2] DERs announcing on Beckn...
2026-04-23 12:15:02 - dcomet - INFO - [3] AI agents deciding...
2026-04-23 12:15:27 - dcomet - INFO - [4] Matching...
2026-04-23 12:15:27 - dcomet - INFO - [5] Power flow...
2026-04-23 12:15:29 - dcomet - INFO - [1] Reading DER sensor data...
2026-04-23 12:15:29 - dcomet - INFO - [2] DERs announcing on Beckn...
2026-04-23 12:15:29 - dcomet - INFO - [3] AI agents deciding...
2026-04-23 12:36:19 - dcomet - INFO - Initializing System...
2026-04-23 12:36:19 - dcomet - INFO - System Ready!
2026-04-23 12:36:19 - dcomet - INFO - [1] Reading DER sensor data...
2026-04-23 12:36:19 - dcomet - INFO - [2] DERs announcing on Beckn...
2026-04-23 12:36:19 - dcomet - INFO - [3] AI agents deciding...
